{
  "version": "1.5.0",
  "plugins_used": [
    {
      "name": "ArtifactoryDetector"
    },
    {
      "name": "AWSKeyDetector"
    },
    {
      "name": "AzureStorageKeyDetector"
    },
    {
      "name": "Base64HighEntropyString",
      "limit": 4.5
    },
    {
      "name": "BasicAuthDetector"
    },
    {
      "name": "CloudantDetector"
    },
    {
      "name": "DiscordBotTokenDetector"
    },
    {
      "name": "GitHubTokenDetector"
    },
    {
      "name": "GitLabTokenDetector"
    },
    {
      "name": "IbmCloudIamDetector"
    },
    {
      "name": "IbmCosHmacDetector"
    },
    {
      "name": "IPPublicDetector"
    },
    {
      "name": "JwtTokenDetector"
    },
    {
      "name": "KeywordDetector",
      "keyword_exclude": ""
    },
    {
      "name": "MailchimpDetector"
    },
    {
      "name": "NpmDetector"
    },
    {
      "name": "OpenAIDetector"
    },
    {
      "name": "PrivateKeyDetector"
    },
    {
      "name": "PypiTokenDetector"
    },
    {
      "name": "SendGridDetector"
    },
    {
      "name": "SlackDetector"
    },
    {
      "name": "SoftlayerDetector"
    },
    {
      "name": "SquareOAuthDetector"
    },
    {
      "name": "StripeDetector"
    },
    {
      "name": "TelegramBotTokenDetector"
    },
    {
      "name": "TwilioKeyDetector"
    }
  ],
  "filters_used": [
    {
      "path": "detect_secrets.filters.allowlist.is_line_allowlisted"
    },
    {
      "path": "detect_secrets.filters.common.is_ignored_due_to_verification_policies",
      "min_level": 2
    },
    {
      "path": "detect_secrets.filters.heuristic.is_indirect_reference"
    },
    {
      "path": "detect_secrets.filters.heuristic.is_likely_id_string"
    },
    {
      "path": "detect_secrets.filters.heuristic.is_lock_file"
    },
    {
      "path": "detect_secrets.filters.heuristic.is_not_alphanumeric_string"
    },
    {
      "path": "detect_secrets.filters.heuristic.is_potential_uuid"
    },
    {
      "path": "detect_secrets.filters.heuristic.is_prefixed_with_dollar_sign"
    },
    {
      "path": "detect_secrets.filters.heuristic.is_sequential_string"
    },
    {
      "path": "detect_secrets.filters.heuristic.is_swagger_file"
    },
    {
      "path": "detect_secrets.filters.heuristic.is_templated_secret"
    },
    {
      "path": "detect_secrets.filters.regex.should_exclude_file",
      "pattern": [
        "(^|/)(\\.ruff_cache|node_modules|[^/]*\\.egg-info|\\.?venv|dist|build)/"
      ]
    }
  ],
  "results": {
    "docs/archive/README-WINDOWS.md": [
      {
        "type": "Secret Keyword",
        "filename": "docs/archive/README-WINDOWS.md",
        "hashed_secret": "f865b53623b121fd34ee5426c792e5c33af8c227",
        "is_verified": false,
        "line_number": 94
      },
      {
        "type": "Secret Keyword",
        "filename": "docs/archive/README-WINDOWS.md",
        "hashed_secret": "1c58bd92003bbaa0538e249fff6ee19a270dec5f",
        "is_verified": false,
        "line_number": 98
      }
    ],
    "docs/archive/RELEASE_NOTES.md": [
      {
        "type": "Secret Keyword",
        "filename": "docs/archive/RELEASE_NOTES.md",
        "hashed_secret": "f865b53623b121fd34ee5426c792e5c33af8c227",
        "is_verified": false,
        "line_number": 49
      }
    ],
    "server/api-keys.ts": [
      {
        "type": "Secret Keyword",
        "filename": "server/api-keys.ts",
        "hashed_secret": "c1185520a9fd5f53b4402a0e4de8e438680cfb8c",
        "is_verified": false,
        "line_number": 20
      }
    ],
    "server/control-plane.ts": [
      {
        "type": "Secret Keyword",
        "filename": "server/control-plane.ts",
        "hashed_secret": "0ff20aa26450017ee0b165a1d6ff060ac45499fa",
        "is_verified": false,
        "line_number": 36
      }
    ],
    "server/failsafe.ts": [
      {
        "type": "Secret Keyword",
        "filename": "server/failsafe.ts",
        "hashed_secret": "0ff20aa26450017ee0b165a1d6ff060ac45499fa",
        "is_verified": false,
        "line_number": 40
      }
    ],
    "server/init-data.ts": [
      {
        "type": "Secret Keyword",
        "filename": "server/init-data.ts",
        "hashed_secret": "f865b53623b121fd34ee5426c792e5c33af8c227",
        "is_verified": false,
        "line_number": 83
      },
      {
        "type": "Secret Keyword",
        "filename": "server/init-data.ts",
        "hashed_secret": "1c58bd92003bbaa0538e249fff6ee19a270dec5f",
        "is_verified": false,
        "line_number": 92
      }
    ],
    "tests/a-failed-write-never-holds-back-or-hides-a-stop.test.ts": [
      {
        "type": "Secret Keyword",
        "filename": "tests/a-failed-write-never-holds-back-or-hides-a-stop.test.ts",
        "hashed_secret": "a0089182becd921781d5ba1e58fa4d129b24060f",
        "is_verified": false,
        "line_number": 106
      }
    ],
    "tests/a-press-sent-again-with-its-key-starts-one-scan-and-is-recorded-once.test.ts": [
      {
        "type": "Secret Keyword",
        "filename": "tests/a-press-sent-again-with-its-key-starts-one-scan-and-is-recorded-once.test.ts",
        "hashed_secret": "c509d4624acd35f6fbd568f846862ea742ce01cd",
        "is_verified": false,
        "line_number": 203
      }
    ],
    "tests/a-retest-verdict-survives-a-restart-and-is-filed-once.test.ts": [
      {
        "type": "Secret Keyword",
        "filename": "tests/a-retest-verdict-survives-a-restart-and-is-filed-once.test.ts",
        "hashed_secret": "f865b53623b121fd34ee5426c792e5c33af8c227",
        "is_verified": false,
        "line_number": 125
      }
    ],
    "tests/a-sign-in-flood-never-delays-a-stop.test.ts": [
      {
        "type": "Secret Keyword",
        "filename": "tests/a-sign-in-flood-never-delays-a-stop.test.ts",
        "hashed_secret": "d666cd9b82bee848873cd7414eaa38c6397f91ed",
        "is_verified": false,
        "line_number": 126
      },
      {
        "type": "Secret Keyword",
        "filename": "tests/a-sign-in-flood-never-delays-a-stop.test.ts",
        "hashed_secret": "f865b53623b121fd34ee5426c792e5c33af8c227",
        "is_verified": false,
        "line_number": 140
      },
      {
        "type": "Secret Keyword",
        "filename": "tests/a-sign-in-flood-never-delays-a-stop.test.ts",
        "hashed_secret": "6809ffccad03b80fa1fbc32c17e7e054805ec30b",
        "is_verified": false,
        "line_number": 164
      }
    ],
    "tests/a-stale-account-gains-only-stops-and-an-unread-stop-is-never-accepted.test.ts": [
      {
        "type": "Secret Keyword",
        "filename": "tests/a-stale-account-gains-only-stops-and-an-unread-stop-is-never-accepted.test.ts",
        "hashed_secret": "f865b53623b121fd34ee5426c792e5c33af8c227",
        "is_verified": false,
        "line_number": 161
      },
      {
        "type": "Secret Keyword",
        "filename": "tests/a-stale-account-gains-only-stops-and-an-unread-stop-is-never-accepted.test.ts",
        "hashed_secret": "3f88760c23f0e04d57d1f8521a637b503ce7cca9",
        "is_verified": false,
        "line_number": 163
      },
      {
        "type": "Secret Keyword",
        "filename": "tests/a-stale-account-gains-only-stops-and-an-unread-stop-is-never-accepted.test.ts",
        "hashed_secret": "1a91d62f7ca67399625a4368a6ab5d4a3baa6073",
        "is_verified": false,
        "line_number": 288
      },
      {
        "type": "Secret Keyword",
        "filename": "tests/a-stale-account-gains-only-stops-and-an-unread-stop-is-never-accepted.test.ts",
        "hashed_secret": "d7314d57e1de2ea00bbede8ecc751579f0d8cc9e",
        "is_verified": false,
        "line_number": 306
      }
    ],
    "tests/a-stop-follows-the-account-and-no-failed-read-or-stalled-answer-holds-it.test.ts": [
      {
        "type": "Secret Keyword",
        "filename": "tests/a-stop-follows-the-account-and-no-failed-read-or-stalled-answer-holds-it.test.ts",
        "hashed_secret": "f865b53623b121fd34ee5426c792e5c33af8c227",
        "is_verified": false,
        "line_number": 153
      },
      {
        "type": "Secret Keyword",
        "filename": "tests/a-stop-follows-the-account-and-no-failed-read-or-stalled-answer-holds-it.test.ts",
        "hashed_secret": "3f88760c23f0e04d57d1f8521a637b503ce7cca9",
        "is_verified": false,
        "line_number": 155
      },
      {
        "type": "Secret Keyword",
        "filename": "tests/a-stop-follows-the-account-and-no-failed-read-or-stalled-answer-holds-it.test.ts",
        "hashed_secret": "d7314d57e1de2ea00bbede8ecc751579f0d8cc9e",
        "is_verified": false,
        "line_number": 282
      }
    ],
    "tests/a-stop-goes-first-and-a-retest-verdict-is-never-lost.test.ts": [
      {
        "type": "Secret Keyword",
        "filename": "tests/a-stop-goes-first-and-a-retest-verdict-is-never-lost.test.ts",
        "hashed_secret": "f865b53623b121fd34ee5426c792e5c33af8c227",
        "is_verified": false,
        "line_number": 109
      },
      {
        "type": "Secret Keyword",
        "filename": "tests/a-stop-goes-first-and-a-retest-verdict-is-never-lost.test.ts",
        "hashed_secret": "3f88760c23f0e04d57d1f8521a637b503ce7cca9",
        "is_verified": false,
        "line_number": 112
      }
    ],
    "tests/a-stop-presents-the-service-token-and-waits-on-no-sign-in.test.ts": [
      {
        "type": "Secret Keyword",
        "filename": "tests/a-stop-presents-the-service-token-and-waits-on-no-sign-in.test.ts",
        "hashed_secret": "09ad48199f1395807f639099eb82725554f2891f",
        "is_verified": false,
        "line_number": 79
      }
    ],
    "tests/a-stop-reaches-the-engine-while-the-database-is-locked.test.ts": [
      {
        "type": "Secret Keyword",
        "filename": "tests/a-stop-reaches-the-engine-while-the-database-is-locked.test.ts",
        "hashed_secret": "f865b53623b121fd34ee5426c792e5c33af8c227",
        "is_verified": false,
        "line_number": 93
      }
    ],
    "tests/a-stop-s-signature-waits-on-no-read-and-no-start-escapes-the-kill-switch.test.ts": [
      {
        "type": "Secret Keyword",
        "filename": "tests/a-stop-s-signature-waits-on-no-read-and-no-start-escapes-the-kill-switch.test.ts",
        "hashed_secret": "f865b53623b121fd34ee5426c792e5c33af8c227",
        "is_verified": false,
        "line_number": 172
      },
      {
        "type": "Secret Keyword",
        "filename": "tests/a-stop-s-signature-waits-on-no-read-and-no-start-escapes-the-kill-switch.test.ts",
        "hashed_secret": "3f88760c23f0e04d57d1f8521a637b503ce7cca9",
        "is_verified": false,
        "line_number": 174
      },
      {
        "type": "Secret Keyword",
        "filename": "tests/a-stop-s-signature-waits-on-no-read-and-no-start-escapes-the-kill-switch.test.ts",
        "hashed_secret": "1a91d62f7ca67399625a4368a6ab5d4a3baa6073",
        "is_verified": false,
        "line_number": 334
      },
      {
        "type": "Secret Keyword",
        "filename": "tests/a-stop-s-signature-waits-on-no-read-and-no-start-escapes-the-kill-switch.test.ts",
        "hashed_secret": "d7314d57e1de2ea00bbede8ecc751579f0d8cc9e",
        "is_verified": false,
        "line_number": 355
      }
    ],
    "tests/a-tests-table-at-estate-scale-never-delays-a-stop.test.ts": [
      {
        "type": "Secret Keyword",
        "filename": "tests/a-tests-table-at-estate-scale-never-delays-a-stop.test.ts",
        "hashed_secret": "f865b53623b121fd34ee5426c792e5c33af8c227",
        "is_verified": false,
        "line_number": 89
      }
    ],
    "tests/a-write-flood-under-a-held-lock-delays-no-stop-and-writes-nothing-twice.test.ts": [
      {
        "type": "Secret Keyword",
        "filename": "tests/a-write-flood-under-a-held-lock-delays-no-stop-and-writes-nothing-twice.test.ts",
        "hashed_secret": "f865b53623b121fd34ee5426c792e5c33af8c227",
        "is_verified": false,
        "line_number": 88
      }
    ],
    "tests/an-api-key-stop-waits-on-no-write-and-no-start-passes-a-pressed-kill-switch.test.ts": [
      {
        "type": "Secret Keyword",
        "filename": "tests/an-api-key-stop-waits-on-no-write-and-no-start-passes-a-pressed-kill-switch.test.ts",
        "hashed_secret": "f865b53623b121fd34ee5426c792e5c33af8c227",
        "is_verified": false,
        "line_number": 99
      }
    ],
    "tests/an-escaped-uuid-or-a-capital-route-does-not-relay-a-resume.test.ts": [
      {
        "type": "Secret Keyword",
        "filename": "tests/an-escaped-uuid-or-a-capital-route-does-not-relay-a-resume.test.ts",
        "hashed_secret": "a0089182becd921781d5ba1e58fa4d129b24060f",
        "is_verified": false,
        "line_number": 59
      }
    ],
    "tests/api-keys.test.ts": [
      {
        "type": "Secret Keyword",
        "filename": "tests/api-keys.test.ts",
        "hashed_secret": "3f88760c23f0e04d57d1f8521a637b503ce7cca9",
        "is_verified": false,
        "line_number": 29
      }
    ],
    "tests/assurance-route.test.ts": [
      {
        "type": "Secret Keyword",
        "filename": "tests/assurance-route.test.ts",
        "hashed_secret": "c509d4624acd35f6fbd568f846862ea742ce01cd",
        "is_verified": false,
        "line_number": 1648
      },
      {
        "type": "Secret Keyword",
        "filename": "tests/assurance-route.test.ts",
        "hashed_secret": "b12cbf6a48c92707fb70ca4d53735f11f1380cab",
        "is_verified": false,
        "line_number": 1770
      }
    ],
    "tests/auth.test.ts": [
      {
        "type": "Secret Keyword",
        "filename": "tests/auth.test.ts",
        "hashed_secret": "76272dc4faf660733711f58c736830d27159fb55",
        "is_verified": false,
        "line_number": 13
      },
      {
        "type": "Secret Keyword",
        "filename": "tests/auth.test.ts",
        "hashed_secret": "f865b53623b121fd34ee5426c792e5c33af8c227",
        "is_verified": false,
        "line_number": 18
      }
    ],
    "tests/backend-parity.test.ts": [
      {
        "type": "Secret Keyword",
        "filename": "tests/backend-parity.test.ts",
        "hashed_secret": "d666cd9b82bee848873cd7414eaa38c6397f91ed",
        "is_verified": false,
        "line_number": 20
      },
      {
        "type": "Secret Keyword",
        "filename": "tests/backend-parity.test.ts",
        "hashed_secret": "f865b53623b121fd34ee5426c792e5c33af8c227",
        "is_verified": false,
        "line_number": 38
      },
      {
        "type": "Secret Keyword",
        "filename": "tests/backend-parity.test.ts",
        "hashed_secret": "05bd3590733c6111684eb85adbeed0b50799c15e",
        "is_verified": false,
        "line_number": 85
      }
    ],
    "tests/compounding.test.ts": [
      {
        "type": "Secret Keyword",
        "filename": "tests/compounding.test.ts",
        "hashed_secret": "f865b53623b121fd34ee5426c792e5c33af8c227",
        "is_verified": false,
        "line_number": 23
      },
      {
        "type": "Secret Keyword",
        "filename": "tests/compounding.test.ts",
        "hashed_secret": "a4b48a81cdab1e1a5dd37907d6c85ca1c61ddc7c",
        "is_verified": false,
        "line_number": 140
      }
    ],
    "tests/disposition-and-confidence-honesty.test.ts": [
      {
        "type": "Secret Keyword",
        "filename": "tests/disposition-and-confidence-honesty.test.ts",
        "hashed_secret": "c509d4624acd35f6fbd568f846862ea742ce01cd",
        "is_verified": false,
        "line_number": 147
      }
    ],
    "tests/every-launch-answer-is-read-by-its-answer-field-and-a-202-is-never-done.test.ts": [
      {
        "type": "Secret Keyword",
        "filename": "tests/every-launch-answer-is-read-by-its-answer-field-and-a-202-is-never-done.test.ts",
        "hashed_secret": "05bd3590733c6111684eb85adbeed0b50799c15e",
        "is_verified": false,
        "line_number": 1298
      }
    ],
    "tests/every-run-a-finding-keeps-has-its-own-stop-and-each-title-says-what-is-known.test.tsx": [
      {
        "type": "Secret Keyword",
        "filename": "tests/every-run-a-finding-keeps-has-its-own-stop-and-each-title-says-what-is-known.test.tsx",
        "hashed_secret": "05bd3590733c6111684eb85adbeed0b50799c15e",
        "is_verified": false,
        "line_number": 262
      }
    ],
    "tests/evidence-pack.test.ts": [
      {
        "type": "Base64 High Entropy String",
        "filename": "tests/evidence-pack.test.ts",
        "hashed_secret": "183f73f5372d4149c9363e12773214c40fb3adff",
        "is_verified": false,
        "line_number": 55
      },
      {
        "type": "Base64 High Entropy String",
        "filename": "tests/evidence-pack.test.ts",
        "hashed_secret": "64ffcc875926ca2ec0103508e6237b4577cbae85",
        "is_verified": false,
        "line_number": 57
      }
    ],
    "tests/failsafe-route.test.ts": [
      {
        "type": "Secret Keyword",
        "filename": "tests/failsafe-route.test.ts",
        "hashed_secret": "c509d4624acd35f6fbd568f846862ea742ce01cd",
        "is_verified": false,
        "line_number": 154
      },
      {
        "type": "Secret Keyword",
        "filename": "tests/failsafe-route.test.ts",
        "hashed_secret": "b12cbf6a48c92707fb70ca4d53735f11f1380cab",
        "is_verified": false,
        "line_number": 176
      }
    ],
    "tests/fleet-regressions.test.ts": [
      {
        "type": "Secret Keyword",
        "filename": "tests/fleet-regressions.test.ts",
        "hashed_secret": "eea0d9a29d51f43612c303ff2f64b57f56dad885",
        "is_verified": false,
        "line_number": 32
      },
      {
        "type": "Secret Keyword",
        "filename": "tests/fleet-regressions.test.ts",
        "hashed_secret": "a4b48a81cdab1e1a5dd37907d6c85ca1c61ddc7c",
        "is_verified": false,
        "line_number": 122
      },
      {
        "type": "Secret Keyword",
        "filename": "tests/fleet-regressions.test.ts",
        "hashed_secret": "f865b53623b121fd34ee5426c792e5c33af8c227",
        "is_verified": false,
        "line_number": 127
      }
    ],
    "tests/four-numbers-nobody-measured.test.ts": [
      {
        "type": "Secret Keyword",
        "filename": "tests/four-numbers-nobody-measured.test.ts",
        "hashed_secret": "c509d4624acd35f6fbd568f846862ea742ce01cd",
        "is_verified": false,
        "line_number": 158
      }
    ],
    "tests/helpers.ts": [
      {
        "type": "Secret Keyword",
        "filename": "tests/helpers.ts",
        "hashed_secret": "d666cd9b82bee848873cd7414eaa38c6397f91ed",
        "is_verified": false,
        "line_number": 7
      },
      {
        "type": "Secret Keyword",
        "filename": "tests/helpers.ts",
        "hashed_secret": "f865b53623b121fd34ee5426c792e5c33af8c227",
        "is_verified": false,
        "line_number": 22
      }
    ],
    "tests/no-statement-waits-on-the-lock-and-another-dashboards-change-is-honoured.test.ts": [
      {
        "type": "Secret Keyword",
        "filename": "tests/no-statement-waits-on-the-lock-and-another-dashboards-change-is-honoured.test.ts",
        "hashed_secret": "f865b53623b121fd34ee5426c792e5c33af8c227",
        "is_verified": false,
        "line_number": 100
      },
      {
        "type": "Secret Keyword",
        "filename": "tests/no-statement-waits-on-the-lock-and-another-dashboards-change-is-honoured.test.ts",
        "hashed_secret": "1a91d62f7ca67399625a4368a6ab5d4a3baa6073",
        "is_verified": false,
        "line_number": 365
      },
      {
        "type": "Secret Keyword",
        "filename": "tests/no-statement-waits-on-the-lock-and-another-dashboards-change-is-honoured.test.ts",
        "hashed_secret": "d7314d57e1de2ea00bbede8ecc751579f0d8cc9e",
        "is_verified": false,
        "line_number": 378
      }
    ],
    "tests/regressions.test.ts": [
      {
        "type": "Secret Keyword",
        "filename": "tests/regressions.test.ts",
        "hashed_secret": "b8dfa6cb91a5371901c2d0730afe0f5d021d3621",
        "is_verified": false,
        "line_number": 16
      },
      {
        "type": "Secret Keyword",
        "filename": "tests/regressions.test.ts",
        "hashed_secret": "1dfeb16891b52e6caed52b70910d9cfdf1bd6d3d",
        "is_verified": false,
        "line_number": 56
      },
      {
        "type": "Secret Keyword",
        "filename": "tests/regressions.test.ts",
        "hashed_secret": "eea0d9a29d51f43612c303ff2f64b57f56dad885",
        "is_verified": false,
        "line_number": 134
      },
      {
        "type": "Secret Keyword",
        "filename": "tests/regressions.test.ts",
        "hashed_secret": "a4b48a81cdab1e1a5dd37907d6c85ca1c61ddc7c",
        "is_verified": false,
        "line_number": 205
      },
      {
        "type": "Secret Keyword",
        "filename": "tests/regressions.test.ts",
        "hashed_secret": "f865b53623b121fd34ee5426c792e5c33af8c227",
        "is_verified": false,
        "line_number": 213
      }
    ],
    "tests/sample-data.test.ts": [
      {
        "type": "Secret Keyword",
        "filename": "tests/sample-data.test.ts",
        "hashed_secret": "4f0509a21d75c376a518f3ccad6f7d37de09a789",
        "is_verified": false,
        "line_number": 155
      }
    ],
    "tests/settings.test.ts": [
      {
        "type": "Secret Keyword",
        "filename": "tests/settings.test.ts",
        "hashed_secret": "eea0d9a29d51f43612c303ff2f64b57f56dad885",
        "is_verified": false,
        "line_number": 22
      }
    ],
    "tests/sqlite-storage.test.ts": [
      {
        "type": "Secret Keyword",
        "filename": "tests/sqlite-storage.test.ts",
        "hashed_secret": "4f0509a21d75c376a518f3ccad6f7d37de09a789",
        "is_verified": false,
        "line_number": 24
      },
      {
        "type": "Secret Keyword",
        "filename": "tests/sqlite-storage.test.ts",
        "hashed_secret": "4a950320ec1ab38b45e4f4aa2592f5bd676aa2e5",
        "is_verified": false,
        "line_number": 40
      }
    ],
    "tests/the-failsafe-page-reads-the-state-route-the-server-serves.test.ts": [
      {
        "type": "Secret Keyword",
        "filename": "tests/the-failsafe-page-reads-the-state-route-the-server-serves.test.ts",
        "hashed_secret": "a0089182becd921781d5ba1e58fa4d129b24060f",
        "is_verified": false,
        "line_number": 66
      }
    ],
    "tests/the-kill-switch-never-blocks-another-stop.test.ts": [
      {
        "type": "Secret Keyword",
        "filename": "tests/the-kill-switch-never-blocks-another-stop.test.ts",
        "hashed_secret": "a0089182becd921781d5ba1e58fa4d129b24060f",
        "is_verified": false,
        "line_number": 113
      }
    ],
    "tests/the-kill-switch-reads-only-its-own-state.test.ts": [
      {
        "type": "Secret Keyword",
        "filename": "tests/the-kill-switch-reads-only-its-own-state.test.ts",
        "hashed_secret": "a0089182becd921781d5ba1e58fa4d129b24060f",
        "is_verified": false,
        "line_number": 77
      }
    ],
    "tests/the-service-token-rides-on-every-stop-and-on-nothing-else.test.ts": [
      {
        "type": "Secret Keyword",
        "filename": "tests/the-service-token-rides-on-every-stop-and-on-nothing-else.test.ts",
        "hashed_secret": "09ad48199f1395807f639099eb82725554f2891f",
        "is_verified": false,
        "line_number": 57
      },
      {
        "type": "Secret Keyword",
        "filename": "tests/the-service-token-rides-on-every-stop-and-on-nothing-else.test.ts",
        "hashed_secret": "f865b53623b121fd34ee5426c792e5c33af8c227",
        "is_verified": false,
        "line_number": 190
      }
    ],
    "tests/unresolved-references-reach-the-console.test.ts": [
      {
        "type": "Secret Keyword",
        "filename": "tests/unresolved-references-reach-the-console.test.ts",
        "hashed_secret": "c509d4624acd35f6fbd568f846862ea742ce01cd",
        "is_verified": false,
        "line_number": 229
      }
    ],
    "tests/users.test.ts": [
      {
        "type": "Secret Keyword",
        "filename": "tests/users.test.ts",
        "hashed_secret": "3f88760c23f0e04d57d1f8521a637b503ce7cca9",
        "is_verified": false,
        "line_number": 18
      },
      {
        "type": "Secret Keyword",
        "filename": "tests/users.test.ts",
        "hashed_secret": "a0f4ea7d91495df92bbac2e2149dfb850fe81396",
        "is_verified": false,
        "line_number": 25
      },
      {
        "type": "Secret Keyword",
        "filename": "tests/users.test.ts",
        "hashed_secret": "4a950320ec1ab38b45e4f4aa2592f5bd676aa2e5",
        "is_verified": false,
        "line_number": 30
      },
      {
        "type": "Secret Keyword",
        "filename": "tests/users.test.ts",
        "hashed_secret": "b39c9cd6bacc064cc8d081e319b397af69555981",
        "is_verified": false,
        "line_number": 41
      },
      {
        "type": "Secret Keyword",
        "filename": "tests/users.test.ts",
        "hashed_secret": "f865b53623b121fd34ee5426c792e5c33af8c227",
        "is_verified": false,
        "line_number": 45
      },
      {
        "type": "Secret Keyword",
        "filename": "tests/users.test.ts",
        "hashed_secret": "7326da97cb6afb2905fbf1b640f19fd6176c6c66",
        "is_verified": false,
        "line_number": 65
      }
    ]
  },
  "generated_at": "2026-10-05T21:38:03Z"
}
